Facility Name                  | Score
----------------------------------------
Jayanagar heart Centre         | 1
Shanti Hospital                | 8
Victoria Hospital              | 10
Eye Care Clinic                | 1
